{
   "metadata" : {
      "@generated" : true
   },
   "models" : [
      {
         "method" : "LFlow;.flow:(LSink;LSource;)V",
         "position" : {
            "line" : 1,
            "path" : "Flow.java"
         }
      }
   ]
}
