{
  "metadata" :
  {
    "@generated" : true
  },
  "models" :
  [
    {
      "issues" :
      [
        {
          "always_features" :
          [
            "via-array"
          ],
          "position" :
          {
            "line" : 5,
            "path" : "Flow.java"
          },
          "rule" : 1,
          "sinks" :
          [
            {
              "call_position" :
              {
                "line" : 5,
                "path" : "Flow.java"
              },
              "callee" : "LSink;.sink:(LData;)V",
              "callee_port" : "Argument(1)",
              "distance" : 1,
              "kind" : "TestSink",
              "origins" :
              [
                "LSink;.sink:(LData;)V"
              ]
            }
          ],
          "sources" :
          [
            {
              "always_features" :
              [
                "via-array"
              ],
              "call_position" :
              {
                "line" : 2,
                "path" : "Flow.java"
              },
              "callee" : "LSource;.source:()LData;",
              "callee_port" : "Return",
              "distance" : 1,
              "kind" : "TestSource",
              "local_features" :
              {
                "always_features" :
                [
                  "via-array"
                ]
              },
              "local_positions" :
              [
                {
                  "line" : 3
                }
              ],
              "origins" :
              [
                "LSource;.source:()LData;"
              ]
            }
          ]
        }
      ],
      "method" : "LFlow;.flow:()V",
      "position" :
      {
        "line" : 0,
        "path" : "Flow.java"
      }
    }
  ]
}
