{
  "metadata" :
  {
    "@generated" : true
  },
  "models" :
  [
    {
      "generations" :
      [
        {
          "call_position" :
          {
            "line" : 1,
            "path" : "Flow.java"
          },
          "callee" : "LSource;.source:()LData;",
          "callee_port" : "Return",
          "caller_port" : "Argument(0).field",
          "distance" : 1,
          "kind" : "TestSource",
          "local_positions" :
          [
            {
              "line" : 2
            }
          ],
          "origins" :
          [
            "LSource;.source:()LData;"
          ]
        }
      ],
      "issues" :
      [
        {
          "position" :
          {
            "line" : 3,
            "path" : "Flow.java"
          },
          "rule" : 1,
          "sinks" :
          [
            {
              "call_position" :
              {
                "line" : 3,
                "path" : "Flow.java"
              },
              "callee" : "LSink;.sink:(LData;)V",
              "callee_port" : "Argument(1)",
              "distance" : 1,
              "kind" : "TestSink",
              "origins" :
              [
                "LSink;.sink:(LData;)V"
              ]
            }
          ],
          "sources" :
          [
            {
              "call_position" :
              {
                "line" : 1,
                "path" : "Flow.java"
              },
              "callee" : "LSource;.source:()LData;",
              "callee_port" : "Return",
              "distance" : 1,
              "kind" : "TestSource",
              "local_positions" :
              [
                {
                  "line" : 2
                }
              ],
              "origins" :
              [
                "LSource;.source:()LData;"
              ]
            }
          ]
        }
      ],
      "method" : "LFlow;.flow:()V",
      "position" :
      {
        "line" : 0,
        "path" : "Flow.java"
      },
      "sinks" :
      [
        {
          "call_position" :
          {
            "line" : 3,
            "path" : "Flow.java"
          },
          "callee" : "LSink;.sink:(LData;)V",
          "callee_port" : "Argument(1)",
          "caller_port" : "Argument(0)",
          "distance" : 1,
          "kind" : "TestSink",
          "local_positions" :
          [
            {
              "line" : 2
            }
          ],
          "origins" :
          [
            "LSink;.sink:(LData;)V"
          ]
        }
      ]
    },
    {
      "method" : "LFlow;.propagate_argument_into_this:(LSource;)LFlow;",
      "position" :
      {
        "line" : 3,
        "path" : "Flow.java"
      },
      "propagation" :
      [
        {
          "input" : "Argument(0)",
          "output" : "Return"
        },
        {
          "input" : "Argument(1)",
          "output" : "Argument(0).field"
        },
        {
          "input" : "Argument(1)",
          "output" : "Return.field"
        }
      ]
    }
  ]
}
