{
  "metadata" :
  {
    "@generated" : true
  },
  "models" :
  [
    {
      "method" : "LFlow;.flow:(LData;LData;)V",
      "position" :
      {
        "line" : 0,
        "path" : "Flow.java"
      },
      "sinks" :
      [
        {
          "call_position" :
          {
            "line" : 1,
            "path" : "Flow.java"
          },
          "callee" : "LSink;.sink:(LData;)V",
          "callee_port" : "Argument(1)",
          "caller_port" : "Argument(1)",
          "distance" : 1,
          "kind" : "TestSink",
          "origins" :
          [
            "LSink;.sink:(LData;)V"
          ]
        },
        {
          "call_position" :
          {
            "line" : 3,
            "path" : "Flow.java"
          },
          "callee" : "LSink;.sink:(LData;)V",
          "callee_port" : "Argument(1)",
          "caller_port" : "Argument(2)",
          "distance" : 1,
          "kind" : "TestSink",
          "origins" :
          [
            "LSink;.sink:(LData;)V"
          ]
        }
      ]
    }
  ]
}
